
> ts-demonstrateur@0.0.0 start
> ng serve

❯ Building...
✔ Building...
Initial chunk files | Names         |  Raw size
main.js             | main          |   6.97 kB |
styles.css          | styles        |   4.62 kB |
chunk-VUJOFXKG.js   | -             | 987 bytes |

                    | Initial total |  12.57 kB

Lazy chunk files    | Names         |  Raw size
chunk-IRJZ5O4N.js   | section3      |  26.44 kB |
chunk-YISIAAIB.js   | section5      |  21.26 kB |
chunk-V7WWL3Y7.js   | section6      |  19.80 kB |
chunk-QDVQOCQ7.js   | section7      |  19.32 kB |
chunk-MJ4XE5L4.js   | section2      |  18.32 kB |
chunk-QAQYLUN4.js   | section4      |  17.13 kB |
chunk-ZMYEZ5KH.js   | section1      |  14.20 kB |

Application bundle generation complete. [3.417 seconds] - 2026-09-01T18:46:27.615Z

Watch mode enabled. Watching for file changes...
NOTE: Raw file sizes do not reflect development server per-request transformations.
  ➜  Local:   http://localhost:4200/
6:46:28 PM [vite] (client) [optimizer] bundling dependencies...
